// Jest Snapshot v1, https://goo.gl/fbAQLP

exports[`Templates functions error svg template should match the snapshot 1`] = `
"<svg version=\\"1.1\\" baseProfile=\\"full\\" width=\\"300\\" height=\\"86\\" viewBox=\\"0 0 300 86\\" preserveAspectRatio=\\"xMinYMin meet\\" xmlns=\\"http://www.w3.org/2000/svg\\" style=\\"overflow: visible;\\"><style>svg {
      overflow: visible;
    }
    .ctn {
      x: 0;
      y: 0;
      fill: #F8D7DB;
      stroke-width: 2;
      stroke: #AD6E75;
    }
    text {
      fill: #AD6E75;
      font: 500 12px 'Segoe UI', Ubuntu, Sans-Serif;
    }
    tspan {
      font-weight: bold;
    }</style><rect width=\\"300\\" height=\\"86\\" class=\\"ctn\\" rx=\\"5\\" ry=\\"5\\"></rect><text x=\\"11\\" y=\\"11\\" font-weight=\\"bold\\">  <tspan x=\\"11\\" dx=\\"6\\" dy=\\"12\\">Error: Unable to fetch the user with the id 8</tspan>  <tspan x=\\"11\\" dx=\\"6\\" dy=\\"12\\">58453669</tspan>  </text></svg>"
`;

exports[`Templates functions profile svg template should match the snapshot 1`] = `
"<svg version=\\"1.1\\" baseProfile=\\"full\\" width=\\"300\\" height=\\"86\\" viewBox=\\"0 0 300 86\\" preserveAspectRatio=\\"xMinYMin meet\\" xmlns=\\"http://www.w3.org/2000/svg\\" style=\\"overflow: visible;\\"><style> :root { --color-text: #000; --color-bg: #FFFEFE; --color-link: #536675; --color-primary: #000; --color-gold: #FFCC01; --color-silver: #B4B8BC; --color-bronze: #D1A684; --color-so-icon: #E6E5E5; } @keyframes fadeIn { 0% {opacity:0;} 100% {opacity:1;} } svg { overflow: visible; } .animate { animation: fadeIn .5s forwards; opacity: 0; } text { fill: #000; font: 500 12px 'Segoe UI', Ubuntu, Sans-Serif; } .ctn { x: 0; y: 0; fill: var(--color-bg); stroke-width: 2; stroke: var(--color-primary); } .username {
      font-weight: 500;
      font-size: 16px;
    }
    .website, .location {
      font-size: 10px;
    }
    .website {
      fill: var(--color-link);
    }</style><rect width=\\"300\\" height=\\"86\\" class=\\"ctn\\" rx=\\"5\\" ry=\\"5\\"></rect> <style>.so-icon {
    transform: translateX(230px);
  }
  .so-icon path {
    fill: var(--color-so-icon);
  }</style><g class=\\"so-icon\\"><svg aria-hidden=\\"true\\" width=\\"62px\\" viewBox=\\"0 0 25 30\\"><path d=\\"M21 27v-8h3v11H0V19h3v8h18z\\" fill=\\"#BCBBBB\\"></path><path d=\\"M17.1.2 15 1.8l7.9 10.6 2.1-1.6L17.1.2zm3.7 14.7L10.6 6.4l1.7-2 10.2 8.5-1.7 2zM7.2 12.3l12 5.6 1.1-2.4-12-5.6-1.1 2.4zm-1.8 6.8 13.56 1.96.17-2.38-13.26-2.55-.47 2.97zM19 25H5v-3h14v3z\\" fill=\\"#F48024\\"></path></svg></g> <svg x=\\"11\\" y=\\"11\\">  <rect id=\\"imageCtn\\" transform=\\"translate(0,0)\\" width=\\"64\\" height=\\"64\\" rx=\\"5\\"/><clipPath id=\\"clip\\"><use href=\\"#imageCtn\\"/></clipPath><use href=\\"#imageCtn\\"/><image width=\\"64\\" height=\\"64\\" clip-path=\\"url(#clip)\\" href=\\"foobar\\"/>  <g transform=\\"translate(75,13)\\"><text class=\\"username animate\\" transform=\\"translate(0,0)\\">foobar</text><g class=\\"animate\\" transform=\\"translate(0,22)\\" style=\\"font-weight: 800; animation-delay: 0.1s;\\"> <style>.reputation {
    font-weight: 600;
    font-size: 14px;
  }
  .badge-count circle {
    cx: 0;
  }</style><text class=\\"reputation\\">42k</text><g transform=\\"translate(39, 0)\\">  <g class=\\"badge-count\\"><circle cy=\\"-4\\" r=\\"4\\" fill=\\"var(--color-gold)\\"></circle><text x=\\"7\\">42</text></g>   <g transform=\\"translate(30, 0)\\" class=\\"badge-count\\"><circle cy=\\"-4\\" r=\\"4\\" fill=\\"var(--color-silver)\\"></circle><text x=\\"7\\">42</text></g>   <g transform=\\"translate(60, 0)\\" class=\\"badge-count\\"><circle cy=\\"-4\\" r=\\"4\\" fill=\\"var(--color-bronze)\\"></circle><text x=\\"7\\">42</text></g>  </g> </g>  <g class=\\"animate\\" style=\\"animation-delay: 0.2s;\\" transform=\\"translate(0,38)\\"><text class=\\"location\\">foobar</text></g>   <g class=\\"animate\\" style=\\"animation-delay: 0.3s;\\" transform=\\"translate(0,50)\\"><a href=\\"foobar\\" target=\\"_blank\\"><text class=\\"website\\">foobar</text></a></g>  </g></svg></svg>"
`;

exports[`Templates functions profile-small svg template should match the snapshot 1`] = `
"<svg version=\\"1.1\\" baseProfile=\\"full\\" width=\\"240\\" height=\\"57\\" viewBox=\\"0 0 240 55\\" preserveAspectRatio=\\"xMinYMin meet\\" xmlns=\\"http://www.w3.org/2000/svg\\" style=\\"overflow: visible;\\"><style> :root { --color-text: #000; --color-bg: #FFFEFE; --color-link: #536675; --color-primary: #000; --color-gold: #FFCC01; --color-silver: #B4B8BC; --color-bronze: #D1A684; --color-so-icon: #E6E5E5; } @keyframes fadeIn { 0% {opacity:0;} 100% {opacity:1;} } svg { overflow: visible; } .animate { animation: fadeIn .5s forwards; opacity: 0; } text { fill: #000; font: 500 12px 'Segoe UI', Ubuntu, Sans-Serif; } .ctn { x: 0; y: 0; fill: var(--color-bg); stroke-width: 2; stroke: var(--color-primary); } .username {
      font-weight: 500;
      font-size: 16px;
    }</style><rect width=\\"240\\" height=\\"57\\" class=\\"ctn\\" rx=\\"5\\" ry=\\"5\\"></rect> <style>.so-icon {
    transform: translateX(195px);
  }
  .so-icon path {
    fill: var(--color-so-icon);
  }</style><g class=\\"so-icon\\"><svg aria-hidden=\\"true\\" width=\\"40px\\" viewBox=\\"0 0 25 30\\"><path d=\\"M21 27v-8h3v11H0V19h3v8h18z\\" fill=\\"#BCBBBB\\"></path><path d=\\"M17.1.2 15 1.8l7.9 10.6 2.1-1.6L17.1.2zm3.7 14.7L10.6 6.4l1.7-2 10.2 8.5-1.7 2zM7.2 12.3l12 5.6 1.1-2.4-12-5.6-1.1 2.4zm-1.8 6.8 13.56 1.96.17-2.38-13.26-2.55-.47 2.97zM19 25H5v-3h14v3z\\" fill=\\"#F48024\\"></path></svg></g> <svg x=\\"5\\" y=\\"5\\">  <rect id=\\"imageCtn\\" transform=\\"translate(0,0)\\" width=\\"47\\" height=\\"47\\" rx=\\"5\\"/><clipPath id=\\"clip\\"><use href=\\"#imageCtn\\"/></clipPath><use href=\\"#imageCtn\\"/><image width=\\"47\\" height=\\"47\\" clip-path=\\"url(#clip)\\" href=\\"foobar\\"/>  <g transform=\\"translate(55,20)\\"><text class=\\"username animate\\" transform=\\"translate(0,0)\\">foobar</text><g class=\\"animate\\" transform=\\"translate(0,20)\\" style=\\"font-weight: 800; animation-delay: 0.1s;\\"> <style>.reputation {
    font-weight: 600;
    font-size: 14px;
  }
  .badge-count circle {
    cx: 0;
  }</style><text class=\\"reputation\\">42k</text><g transform=\\"translate(39, 0)\\">  <g class=\\"badge-count\\"><circle cy=\\"-4\\" r=\\"4\\" fill=\\"var(--color-gold)\\"></circle><text x=\\"7\\">42</text></g>   <g transform=\\"translate(30, 0)\\" class=\\"badge-count\\"><circle cy=\\"-4\\" r=\\"4\\" fill=\\"var(--color-silver)\\"></circle><text x=\\"7\\">42</text></g>   <g transform=\\"translate(60, 0)\\" class=\\"badge-count\\"><circle cy=\\"-4\\" r=\\"4\\" fill=\\"var(--color-bronze)\\"></circle><text x=\\"7\\">42</text></g>  </g> </g></g></svg></svg>"
`;
